
> client@0.0.0 build
> tsc -b && vite build

src/api/client.ts(1,19): error TS2307: Cannot find module 'axios' or its corresponding type declarations.
src/api/client.ts(7,30): error TS7006: Parameter 'config' implicitly has an 'any' type.
src/App.tsx(1,1): error TS6133: 'React' is declared but its value is never read.
src/App.tsx(2,49): error TS2307: Cannot find module 'react-router-dom' or its corresponding type declarations.
src/components/Navbar.tsx(2,34): error TS2307: Cannot find module 'lucide-react' or its corresponding type declarations.
src/components/Sidebar.tsx(2,25): error TS2307: Cannot find module 'react-router-dom' or its corresponding type declarations.
src/components/Sidebar.tsx(3,65): error TS2307: Cannot find module 'lucide-react' or its corresponding type declarations.
src/components/Sidebar.tsx(22,25): error TS7031: Binding element 'isActive' implicitly has an 'any' type.
src/components/Sidebar.tsx(29,25): error TS7031: Binding element 'isActive' implicitly has an 'any' type.
src/components/Sidebar.tsx(36,25): error TS7031: Binding element 'isActive' implicitly has an 'any' type.
src/main.tsx(3,31): error TS2307: Cannot find module 'react-router-dom' or its corresponding type declarations.
src/pages/Dashboard.tsx(3,54): error TS2307: Cannot find module 'lucide-react' or its corresponding type declarations.
src/pages/Inventory.tsx(3,36): error TS2307: Cannot find module 'lucide-react' or its corresponding type declarations.
src/pages/Login.tsx(2,29): error TS2307: Cannot find module 'react-router-dom' or its corresponding type declarations.
src/pages/Login.tsx(3,25): error TS2307: Cannot find module 'lucide-react' or its corresponding type declarations.
src/pages/Sync.tsx(2,58): error TS2307: Cannot find module 'lucide-react' or its corresponding type declarations.
